###############################################################################
#
# IAR ELF Linker V9.20.4.327/W64 for ARM                  01/May/2022  17:48:48
# Copyright 2007-2022 IAR Systems AB.
#
#    Output file  =
#        C:\Users\Sam's Custom
#        Pc\Documents\GitHub\RC-Car-Software\EWARM\Flash\Exe\TestingInitialization_STM32F4.out
#    Map file     =
#        C:\Users\Sam's Custom
#        Pc\Documents\GitHub\RC-Car-Software\EWARM\Flash\List\TestingInitialization_STM32F4.map
#    Command line =
#        -f "C:\Users\Sam's Custom
#        Pc\Documents\GitHub\RC-Car-Software\EWARM\Flash\Exe\TestingInitialization_STM32F4.out.rsp"
#        ("C:\Users\Sam's Custom
#        Pc\Documents\GitHub\RC-Car-Software\EWARM\Flash\Obj\Application\User\Core\adc.o"
#        "C:\Users\Sam's Custom
#        Pc\Documents\GitHub\RC-Car-Software\EWARM\Flash\Obj\Middlewares\FreeRTOS\cmsis_os.o"
#        "C:\Users\Sam's Custom
#        Pc\Documents\GitHub\RC-Car-Software\EWARM\Flash\Obj\Middlewares\FreeRTOS\croutine.o"
#        "C:\Users\Sam's Custom
#        Pc\Documents\GitHub\RC-Car-Software\EWARM\Flash\Obj\Middlewares\FreeRTOS\event_groups.o"
#        "C:\Users\Sam's Custom
#        Pc\Documents\GitHub\RC-Car-Software\EWARM\Flash\Obj\Application\User\Core\freertos.o"
#        "C:\Users\Sam's Custom
#        Pc\Documents\GitHub\RC-Car-Software\EWARM\Flash\Obj\Application\User\Core\gpio.o"
#        "C:\Users\Sam's Custom
#        Pc\Documents\GitHub\RC-Car-Software\EWARM\Flash\Obj\Middlewares\FreeRTOS\heap_4.o"
#        "C:\Users\Sam's Custom
#        Pc\Documents\GitHub\RC-Car-Software\EWARM\Flash\Obj\Middlewares\FreeRTOS\list.o"
#        "C:\Users\Sam's Custom
#        Pc\Documents\GitHub\RC-Car-Software\EWARM\Flash\Obj\Application\User\Core\main.o"
#        "C:\Users\Sam's Custom
#        Pc\Documents\GitHub\RC-Car-Software\EWARM\Flash\Obj\Middlewares\FreeRTOS\port.o"
#        "C:\Users\Sam's Custom
#        Pc\Documents\GitHub\RC-Car-Software\EWARM\Flash\Obj\Middlewares\FreeRTOS\portasm.o"
#        "C:\Users\Sam's Custom
#        Pc\Documents\GitHub\RC-Car-Software\EWARM\Flash\Obj\Middlewares\FreeRTOS\queue.o"
#        "C:\Users\Sam's Custom
#        Pc\Documents\GitHub\RC-Car-Software\EWARM\Flash\Obj\Application\User\Core\spi.o"
#        "C:\Users\Sam's Custom
#        Pc\Documents\GitHub\RC-Car-Software\EWARM\Flash\Obj\Application\EWARM\startup_stm32f407xx.o"
#        "C:\Users\Sam's Custom
#        Pc\Documents\GitHub\RC-Car-Software\EWARM\Flash\Obj\Drivers\STM32F4xx_HAL_Driver\stm32f4xx_hal.o"
#        "C:\Users\Sam's Custom
#        Pc\Documents\GitHub\RC-Car-Software\EWARM\Flash\Obj\Drivers\STM32F4xx_HAL_Driver\stm32f4xx_hal_adc.o"
#        "C:\Users\Sam's Custom
#        Pc\Documents\GitHub\RC-Car-Software\EWARM\Flash\Obj\Drivers\STM32F4xx_HAL_Driver\stm32f4xx_hal_adc_ex.o"
#        "C:\Users\Sam's Custom
#        Pc\Documents\GitHub\RC-Car-Software\EWARM\Flash\Obj\Drivers\STM32F4xx_HAL_Driver\stm32f4xx_hal_cortex.o"
#        "C:\Users\Sam's Custom
#        Pc\Documents\GitHub\RC-Car-Software\EWARM\Flash\Obj\Drivers\STM32F4xx_HAL_Driver\stm32f4xx_hal_dma.o"
#        "C:\Users\Sam's Custom
#        Pc\Documents\GitHub\RC-Car-Software\EWARM\Flash\Obj\Drivers\STM32F4xx_HAL_Driver\stm32f4xx_hal_dma_ex.o"
#        "C:\Users\Sam's Custom
#        Pc\Documents\GitHub\RC-Car-Software\EWARM\Flash\Obj\Drivers\STM32F4xx_HAL_Driver\stm32f4xx_hal_exti.o"
#        "C:\Users\Sam's Custom
#        Pc\Documents\GitHub\RC-Car-Software\EWARM\Flash\Obj\Drivers\STM32F4xx_HAL_Driver\stm32f4xx_hal_flash.o"
#        "C:\Users\Sam's Custom
#        Pc\Documents\GitHub\RC-Car-Software\EWARM\Flash\Obj\Drivers\STM32F4xx_HAL_Driver\stm32f4xx_hal_flash_ex.o"
#        "C:\Users\Sam's Custom
#        Pc\Documents\GitHub\RC-Car-Software\EWARM\Flash\Obj\Drivers\STM32F4xx_HAL_Driver\stm32f4xx_hal_flash_ramfunc.o"
#        "C:\Users\Sam's Custom
#        Pc\Documents\GitHub\RC-Car-Software\EWARM\Flash\Obj\Drivers\STM32F4xx_HAL_Driver\stm32f4xx_hal_gpio.o"
#        "C:\Users\Sam's Custom
#        Pc\Documents\GitHub\RC-Car-Software\EWARM\Flash\Obj\Drivers\STM32F4xx_HAL_Driver\stm32f4xx_hal_hcd.o"
#        "C:\Users\Sam's Custom
#        Pc\Documents\GitHub\RC-Car-Software\EWARM\Flash\Obj\Application\User\Core\stm32f4xx_hal_msp.o"
#        "C:\Users\Sam's Custom
#        Pc\Documents\GitHub\RC-Car-Software\EWARM\Flash\Obj\Drivers\STM32F4xx_HAL_Driver\stm32f4xx_hal_pwr.o"
#        "C:\Users\Sam's Custom
#        Pc\Documents\GitHub\RC-Car-Software\EWARM\Flash\Obj\Drivers\STM32F4xx_HAL_Driver\stm32f4xx_hal_pwr_ex.o"
#        "C:\Users\Sam's Custom
#        Pc\Documents\GitHub\RC-Car-Software\EWARM\Flash\Obj\Drivers\STM32F4xx_HAL_Driver\stm32f4xx_hal_rcc.o"
#        "C:\Users\Sam's Custom
#        Pc\Documents\GitHub\RC-Car-Software\EWARM\Flash\Obj\Drivers\STM32F4xx_HAL_Driver\stm32f4xx_hal_rcc_ex.o"
#        "C:\Users\Sam's Custom
#        Pc\Documents\GitHub\RC-Car-Software\EWARM\Flash\Obj\Drivers\STM32F4xx_HAL_Driver\stm32f4xx_hal_spi.o"
#        "C:\Users\Sam's Custom
#        Pc\Documents\GitHub\RC-Car-Software\EWARM\Flash\Obj\Drivers\STM32F4xx_HAL_Driver\stm32f4xx_hal_tim.o"
#        "C:\Users\Sam's Custom
#        Pc\Documents\GitHub\RC-Car-Software\EWARM\Flash\Obj\Drivers\STM32F4xx_HAL_Driver\stm32f4xx_hal_tim_ex.o"
#        "C:\Users\Sam's Custom
#        Pc\Documents\GitHub\RC-Car-Software\EWARM\Flash\Obj\Application\User\Core\stm32f4xx_hal_timebase_tim.o"
#        "C:\Users\Sam's Custom
#        Pc\Documents\GitHub\RC-Car-Software\EWARM\Flash\Obj\Drivers\STM32F4xx_HAL_Driver\stm32f4xx_hal_uart.o"
#        "C:\Users\Sam's Custom
#        Pc\Documents\GitHub\RC-Car-Software\EWARM\Flash\Obj\Application\User\Core\stm32f4xx_it.o"
#        "C:\Users\Sam's Custom
#        Pc\Documents\GitHub\RC-Car-Software\EWARM\Flash\Obj\Drivers\STM32F4xx_HAL_Driver\stm32f4xx_ll_adc.o"
#        "C:\Users\Sam's Custom
#        Pc\Documents\GitHub\RC-Car-Software\EWARM\Flash\Obj\Drivers\STM32F4xx_HAL_Driver\stm32f4xx_ll_usb.o"
#        "C:\Users\Sam's Custom
#        Pc\Documents\GitHub\RC-Car-Software\EWARM\Flash\Obj\Middlewares\FreeRTOS\stream_buffer.o"
#        "C:\Users\Sam's Custom
#        Pc\Documents\GitHub\RC-Car-Software\EWARM\Flash\Obj\Drivers\CMSIS\system_stm32f4xx.o"
#        "C:\Users\Sam's Custom
#        Pc\Documents\GitHub\RC-Car-Software\EWARM\Flash\Obj\Middlewares\FreeRTOS\tasks.o"
#        "C:\Users\Sam's Custom
#        Pc\Documents\GitHub\RC-Car-Software\EWARM\Flash\Obj\Middlewares\FreeRTOS\timers.o"
#        "C:\Users\Sam's Custom
#        Pc\Documents\GitHub\RC-Car-Software\EWARM\Flash\Obj\Application\User\Core\usart.o"
#        "C:\Users\Sam's Custom
#        Pc\Documents\GitHub\RC-Car-Software\EWARM\Flash\Obj\Application\User\Core\usb_otg.o"
#        --no_out_extension -o "C:\Users\Sam's Custom
#        Pc\Documents\GitHub\RC-Car-Software\EWARM\Flash\Exe\TestingInitialization_STM32F4.out"
#        --map "C:\Users\Sam's Custom
#        Pc\Documents\GitHub\RC-Car-Software\EWARM\Flash\List\TestingInitialization_STM32F4.map"
#        --config "C:\Users\Sam's Custom
#        Pc\Documents\GitHub\RC-Car-Software\EWARM\stm32f407xx_flash.icf"
#        --semihosting --entry __iar_program_start --vfe --text_out locale)
#
###############################################################################

*******************************************************************************
*** RUNTIME MODEL ATTRIBUTES
***

CppFlavor       = *
__CPP_Runtime   = 1
__SystemLibrary = DLib
__dlib_version  = 6


*******************************************************************************
*** HEAP SELECTION
***

The basic heap was selected because some modules are built with
size limitations (and not runtime checking), and --advanced_heap
was not specified.


*******************************************************************************
*** PLACEMENT SUMMARY
***

"A0":  place at address 0x800'0000 { ro section .intvec };
"P1":  place in [from 0x800'0000 to 0x80f'ffff] { ro };
define block CSTACK with size = 1K, alignment = 8 { };
define block HEAP with size = 512, alignment = 8 { };
"P2":  place in [from 0x2000'0000 to 0x2001'ffff] {
          rw, block CSTACK, block HEAP };
initialize by copy { rw };

  Section            Kind         Address    Size  Object
  -------            ----         -------    ----  ------
"A0":                                       0x188
  .intvec            ro code   0x800'0000   0x188  startup_stm32f407xx.o [1]
                             - 0x800'0188   0x188

"P1":                                      0x3848
  .text              ro code   0x800'0188   0x7fc  tasks.o [5]
  .text              ro code   0x800'0984   0x278  heap_4.o [5]
  .text              ro code   0x800'0bfc    0x98  list.o [5]
  .text              ro code   0x800'0c94   0x1d0  port.o [5]
  .text              ro code   0x800'0e64   0x18c  freertos.o [2]
  .text              ro code   0x800'0ff0    0x34  port.o [5]
  CODE               ro code   0x800'1024    0xb0  portasm.o [5]
  .text              ro code   0x800'10d4    0x86  ABImemcpy.o [8]
  .text              ro code   0x800'115a    0x2a  copy_init3.o [8]
  .text              ro code   0x800'1184    0xc0  cmsis_os.o [5]
  .text              ro code   0x800'1244   0x248  stm32f4xx_hal_gpio.o [4]
  .text              ro code   0x800'148c   0x1a4  queue.o [5]
  .text              ro code   0x800'1630   0x3c4  stm32f4xx_hal_rcc.o [4]
  .text              ro code   0x800'19f4     0xc  stm32f4xx_hal.o [4]
  .text              ro code   0x800'1a00   0x380  stm32f4xx_hal_tim.o [4]
  .text              ro code   0x800'1d80     0x2  stm32f4xx_hal_tim.o [4]
  .text              ro code   0x800'1d82     0x2  stm32f4xx_hal_tim.o [4]
  .text              ro code   0x800'1d84     0x2  stm32f4xx_hal_tim.o [4]
  .text              ro code   0x800'1d86     0x2  stm32f4xx_hal_tim.o [4]
  .text              ro code   0x800'1d88    0xf0  main.o [2]
  .text              ro code   0x800'1e78     0x2  stm32f4xx_hal_tim_ex.o [4]
  .text              ro code   0x800'1e7a     0x2  stm32f4xx_hal_tim.o [4]
  .text              ro code   0x800'1e7c     0x2  stm32f4xx_hal_tim_ex.o [4]
  .text              ro code   0x800'1e80    0x34  stm32f4xx_hal.o [4]
  .text              ro code   0x800'1eb4   0x254  gpio.o [2]
  .text              ro code   0x800'2108    0xc4  spi.o [2]
  .text              ro code   0x800'21cc    0xe8  adc.o [2]
  .text              ro code   0x800'22b4    0xec  usb_otg.o [2]
  .text              ro code   0x800'23a0    0xb4  usart.o [2]
  .text              ro code   0x800'2454    0x14  memset.o [8]
  .text              ro code   0x800'2468   0x1bc  stm32f4xx_hal_rcc.o [4]
  .text              ro code   0x800'2624    0x18  stm32f4xx_hal.o [4]
  .text              ro code   0x800'263c    0xe8  stm32f4xx_hal_cortex.o [4]
  .text              ro code   0x800'2724    0x84  stm32f4xx_hal_timebase_tim.o [2]
  .text              ro code   0x800'27a8    0x48  stm32f4xx_hal_msp.o [2]
  .text              ro code   0x800'27f0    0xce  stm32f4xx_hal_spi.o [4]
  .text              ro code   0x800'28c0   0x350  stm32f4xx_hal_adc.o [4]
  .text              ro code   0x800'2c10    0x76  stm32f4xx_hal_hcd.o [4]
  .text              ro code   0x800'2c88   0x36c  stm32f4xx_hal_uart.o [4]
  .text              ro code   0x800'2ff4    0x66  ABImemset.o [8]
  .text              ro code   0x800'305c    0x80  stm32f4xx_hal_rcc.o [4]
  .text              ro code   0x800'30dc   0x304  stm32f4xx_ll_usb.o [4]
  .text              ro code   0x800'33e0   0x230  I64DivMod.o [8]
  .text              ro code   0x800'3610    0x28  stm32f4xx_hal.o [4]
  .text              ro code   0x800'3638     0x2  I64DivZer.o [8]
  .text              ro code   0x800'363a    0x38  zero_init3.o [8]
  .text              ro code   0x800'3674    0x28  data_init.o [8]
  .text              ro code   0x800'369c    0x22  fpinit_M.o [7]
  .iar.init_table    const     0x800'36c0    0x24  - Linker created -
  .text              ro code   0x800'36e4    0x1e  cmain.o [8]
  .text              ro code   0x800'3702     0x4  low_level_init.o [6]
  .text              ro code   0x800'3706     0x4  exit.o [6]
  .text              ro code   0x800'370c     0xa  cexit.o [8]
  .text              ro code   0x800'3718    0x14  exit.o [9]
  .rodata            const     0x800'372c    0x1c  freertos.o [2]
  .rodata            const     0x800'3748    0x1c  freertos.o [2]
  .rodata            const     0x800'3764    0x1c  freertos.o [2]
  .rodata            const     0x800'3780    0x1c  freertos.o [2]
  .rodata            const     0x800'379c    0x1c  freertos.o [2]
  .text              ro code   0x800'37b8    0x1c  stm32f4xx_it.o [2]
  .text              ro code   0x800'37d4    0x1c  cstartup_M.o [8]
  .rodata            const     0x800'37f0    0x10  freertos.o [2]
  .rodata            const     0x800'3800    0x10  system_stm32f4xx.o [3]
  .text              ro code   0x800'3810    0x10  startup_stm32f407xx.o [1]
  .text              ro code   0x800'3820    0x10  system_stm32f4xx.o [3]
  Initializer bytes  const     0x800'3830    0x10  <for P2-1>
  .rodata            const     0x800'3840     0xc  freertos.o [2]
  .rodata            const     0x800'384c     0xc  freertos.o [2]
  .rodata            const     0x800'3858     0xc  freertos.o [2]
  .rodata            const     0x800'3864     0xc  freertos.o [2]
  .rodata            const     0x800'3870     0xc  freertos.o [2]
  .rodata            const     0x800'387c     0x8  system_stm32f4xx.o [3]
  .rodata            const     0x800'3884     0x8  tasks.o [5]
  .rodata            const     0x800'388c     0x4  heap_4.o [5]
  .text              ro code   0x800'3890     0x4  startup_stm32f407xx.o [1]
  .text              ro code   0x800'3894     0x4  startup_stm32f407xx.o [1]
  .text              ro code   0x800'3898     0x4  startup_stm32f407xx.o [1]
  .text              ro code   0x800'389c     0x4  startup_stm32f407xx.o [1]
  .text              ro code   0x800'38a0     0x4  startup_stm32f407xx.o [1]
  .text              ro code   0x800'38a4     0x4  startup_stm32f407xx.o [1]
  .text              ro code   0x800'38a8     0x4  startup_stm32f407xx.o [1]
  .text              ro code   0x800'38ac     0x4  startup_stm32f407xx.o [1]
  .text              ro code   0x800'38b0     0x4  startup_stm32f407xx.o [1]
  .text              ro code   0x800'38b4     0x4  startup_stm32f407xx.o [1]
  .text              ro code   0x800'38b8     0x4  startup_stm32f407xx.o [1]
  .text              ro code   0x800'38bc     0x4  startup_stm32f407xx.o [1]
  .text              ro code   0x800'38c0     0x4  startup_stm32f407xx.o [1]
  .text              ro code   0x800'38c4     0x4  startup_stm32f407xx.o [1]
  .text              ro code   0x800'38c8     0x4  startup_stm32f407xx.o [1]
  .text              ro code   0x800'38cc     0x4  startup_stm32f407xx.o [1]
  .text              ro code   0x800'38d0     0x4  startup_stm32f407xx.o [1]
  .text              ro code   0x800'38d4     0x4  startup_stm32f407xx.o [1]
  .text              ro code   0x800'38d8     0x4  startup_stm32f407xx.o [1]
  .text              ro code   0x800'38dc     0x4  startup_stm32f407xx.o [1]
  .text              ro code   0x800'38e0     0x4  startup_stm32f407xx.o [1]
  .text              ro code   0x800'38e4     0x4  startup_stm32f407xx.o [1]
  .text              ro code   0x800'38e8     0x4  startup_stm32f407xx.o [1]
  .text              ro code   0x800'38ec     0x4  startup_stm32f407xx.o [1]
  .text              ro code   0x800'38f0     0x4  startup_stm32f407xx.o [1]
  .text              ro code   0x800'38f4     0x4  startup_stm32f407xx.o [1]
  .text              ro code   0x800'38f8     0x4  startup_stm32f407xx.o [1]
  .text              ro code   0x800'38fc     0x4  startup_stm32f407xx.o [1]
  .text              ro code   0x800'3900     0x4  startup_stm32f407xx.o [1]
  .text              ro code   0x800'3904     0x4  startup_stm32f407xx.o [1]
  .text              ro code   0x800'3908     0x4  startup_stm32f407xx.o [1]
  .text              ro code   0x800'390c     0x4  startup_stm32f407xx.o [1]
  .text              ro code   0x800'3910     0x4  startup_stm32f407xx.o [1]
  .text              ro code   0x800'3914     0x4  startup_stm32f407xx.o [1]
  .text              ro code   0x800'3918     0x4  startup_stm32f407xx.o [1]
  .text              ro code   0x800'391c     0x4  startup_stm32f407xx.o [1]
  .text              ro code   0x800'3920     0x4  startup_stm32f407xx.o [1]
  .text              ro code   0x800'3924     0x4  startup_stm32f407xx.o [1]
  .text              ro code   0x800'3928     0x4  startup_stm32f407xx.o [1]
  .text              ro code   0x800'392c     0x4  startup_stm32f407xx.o [1]
  .text              ro code   0x800'3930     0x4  startup_stm32f407xx.o [1]
  .text              ro code   0x800'3934     0x4  startup_stm32f407xx.o [1]
  .text              ro code   0x800'3938     0x4  startup_stm32f407xx.o [1]
  .text              ro code   0x800'393c     0x4  startup_stm32f407xx.o [1]
  .text              ro code   0x800'3940     0x4  startup_stm32f407xx.o [1]
  .text              ro code   0x800'3944     0x4  startup_stm32f407xx.o [1]
  .text              ro code   0x800'3948     0x4  startup_stm32f407xx.o [1]
  .text              ro code   0x800'394c     0x4  startup_stm32f407xx.o [1]
  .text              ro code   0x800'3950     0x4  startup_stm32f407xx.o [1]
  .text              ro code   0x800'3954     0x4  startup_stm32f407xx.o [1]
  .text              ro code   0x800'3958     0x4  startup_stm32f407xx.o [1]
  .text              ro code   0x800'395c     0x4  startup_stm32f407xx.o [1]
  .text              ro code   0x800'3960     0x4  startup_stm32f407xx.o [1]
  .text              ro code   0x800'3964     0x4  startup_stm32f407xx.o [1]
  .text              ro code   0x800'3968     0x4  startup_stm32f407xx.o [1]
  .text              ro code   0x800'396c     0x4  startup_stm32f407xx.o [1]
  .text              ro code   0x800'3970     0x4  startup_stm32f407xx.o [1]
  .text              ro code   0x800'3974     0x4  startup_stm32f407xx.o [1]
  .text              ro code   0x800'3978     0x4  startup_stm32f407xx.o [1]
  .text              ro code   0x800'397c     0x4  startup_stm32f407xx.o [1]
  .text              ro code   0x800'3980     0x4  startup_stm32f407xx.o [1]
  .text              ro code   0x800'3984     0x4  startup_stm32f407xx.o [1]
  .text              ro code   0x800'3988     0x4  startup_stm32f407xx.o [1]
  .text              ro code   0x800'398c     0x4  startup_stm32f407xx.o [1]
  .text              ro code   0x800'3990     0x4  startup_stm32f407xx.o [1]
  .text              ro code   0x800'3994     0x4  startup_stm32f407xx.o [1]
  .text              ro code   0x800'3998     0x4  startup_stm32f407xx.o [1]
  .text              ro code   0x800'399c     0x4  startup_stm32f407xx.o [1]
  .text              ro code   0x800'39a0     0x4  startup_stm32f407xx.o [1]
  .text              ro code   0x800'39a4     0x4  startup_stm32f407xx.o [1]
  .text              ro code   0x800'39a8     0x4  startup_stm32f407xx.o [1]
  .text              ro code   0x800'39ac     0x4  startup_stm32f407xx.o [1]
  .text              ro code   0x800'39b0     0x4  startup_stm32f407xx.o [1]
  .text              ro code   0x800'39b4     0x4  startup_stm32f407xx.o [1]
  .text              ro code   0x800'39b8     0x4  startup_stm32f407xx.o [1]
  .text              ro code   0x800'39bc     0x4  startup_stm32f407xx.o [1]
  .text              ro code   0x800'39c0     0x4  startup_stm32f407xx.o [1]
  .text              ro code   0x800'39c4     0x4  startup_stm32f407xx.o [1]
  .text              ro code   0x800'39c8     0x4  startup_stm32f407xx.o [1]
  .text              ro code   0x800'39cc     0x4  startup_stm32f407xx.o [1]
  .rodata            const     0x800'39d0     0x0  zero_init3.o [8]
  .rodata            const     0x800'39d0     0x0  copy_init3.o [8]
                             - 0x800'39d0  0x3848

"P2", part 1 of 3:                           0x10
  P2-1                        0x2000'0000     0xd  <Init block>
    .data            inited   0x2000'0000     0x4  port.o [5]
    .data            inited   0x2000'0004     0x4  stm32f4xx_hal.o [4]
    .data            inited   0x2000'0008     0x4  system_stm32f4xx.o [3]
    .data            inited   0x2000'000c     0x1  stm32f4xx_hal.o [4]
                            - 0x2000'000d     0xd

"P2", part 2 of 3:                         0x43f4
  .bss               zero     0x2000'0010  0x3c00  heap_4.o [5]
  .bss               zero     0x2000'3c10   0x304  usb_otg.o [2]
  .bss               zero     0x2000'3f14   0x200  freertos.o [2]
  .bss               zero     0x2000'4114    0x8c  tasks.o [5]
  .bss               zero     0x2000'41a0    0x58  spi.o [2]
  .bss               zero     0x2000'41f8    0x54  freertos.o [2]
  .bss               zero     0x2000'424c    0x48  adc.o [2]
  .bss               zero     0x2000'4294    0x48  stm32f4xx_hal_timebase_tim.o [2]
  .bss               zero     0x2000'42dc    0x44  usart.o [2]
  .bss               zero     0x2000'4320    0x14  tasks.o [5]
  .bss               zero     0x2000'4334    0x14  tasks.o [5]
  .bss               zero     0x2000'4348    0x14  tasks.o [5]
  .bss               zero     0x2000'435c    0x14  tasks.o [5]
  .bss               zero     0x2000'4370    0x14  tasks.o [5]
  .bss               zero     0x2000'4384     0x8  heap_4.o [5]
  .bss               zero     0x2000'438c     0x4  freertos.o [2]
  .bss               zero     0x2000'4390     0x4  freertos.o [2]
  .bss               zero     0x2000'4394     0x4  freertos.o [2]
  .bss               zero     0x2000'4398     0x4  freertos.o [2]
  .bss               zero     0x2000'439c     0x4  freertos.o [2]
  .bss               zero     0x2000'43a0     0x4  freertos.o [2]
  .bss               zero     0x2000'43a4     0x4  heap_4.o [5]
  .bss               zero     0x2000'43a8     0x4  heap_4.o [5]
  .bss               zero     0x2000'43ac     0x4  heap_4.o [5]
  .bss               zero     0x2000'43b0     0x4  heap_4.o [5]
  .bss               zero     0x2000'43b4     0x4  heap_4.o [5]
  .bss               zero     0x2000'43b8     0x4  heap_4.o [5]
  .bss               zero     0x2000'43bc     0x4  port.o [5]
  .bss               zero     0x2000'43c0     0x4  stm32f4xx_hal.o [4]
  .bss               zero     0x2000'43c4     0x4  tasks.o [5]
  .bss               zero     0x2000'43c8     0x4  tasks.o [5]
  .bss               zero     0x2000'43cc     0x4  tasks.o [5]
  .bss               zero     0x2000'43d0     0x4  tasks.o [5]
  .bss               zero     0x2000'43d4     0x4  tasks.o [5]
  .bss               zero     0x2000'43d8     0x4  tasks.o [5]
  .bss               zero     0x2000'43dc     0x4  tasks.o [5]
  .bss               zero     0x2000'43e0     0x4  tasks.o [5]
  .bss               zero     0x2000'43e4     0x4  tasks.o [5]
  .bss               zero     0x2000'43e8     0x4  tasks.o [5]
  .bss               zero     0x2000'43ec     0x4  tasks.o [5]
  .bss               zero     0x2000'43f0     0x4  tasks.o [5]
  .bss               zero     0x2000'43f4     0x4  tasks.o [5]
  .bss               zero     0x2000'43f8     0x4  tasks.o [5]
  .bss               zero     0x2000'43fc     0x4  tasks.o [5]
  .bss               zero     0x2000'4400     0x1  freertos.o [2]
  .bss               zero     0x2000'4401     0x1  freertos.o [2]
  .bss               zero     0x2000'4402     0x1  port.o [5]
                            - 0x2000'4403  0x43f3

"P2", part 3 of 3:                          0x400
  CSTACK                      0x2000'4408   0x400  <Block>
    CSTACK           uninit   0x2000'4408   0x400  <Block tail>
                            - 0x2000'4808   0x400

Unused ranges:

         From           To      Size
         ----           --      ----
   0x800'39d0   0x80f'ffff  0xf'c630
  0x2000'4404  0x2000'4407       0x4
  0x2000'4808  0x2001'ffff  0x1'b7f8


*******************************************************************************
*** INIT TABLE
***

          Address      Size
          -------      ----
Zero (__iar_zero_init3)
    1 destination range, total size 0x43f3:
          0x2000'0010  0x43f3

Copy (__iar_copy_init3)
    1 source range, total size 0x10 (123% of destination):
           0x800'3830    0x10
    1 destination range, total size 0xd:
          0x2000'0000     0xd



*******************************************************************************
*** MODULE SUMMARY
***

    Module                        ro code  ro data  rw data
    ------                        -------  -------  -------
command line/config:
    -------------------------------------------------------
    Total:

C:\Users\Sam's Custom Pc\Documents\GitHub\RC-Car-Software\EWARM\Flash\Obj\Application\EWARM: [1]
    startup_stm32f407xx.o             728
    -------------------------------------------------------
    Total:                            728

C:\Users\Sam's Custom Pc\Documents\GitHub\RC-Car-Software\EWARM\Flash\Obj\Application\User\Core: [2]
    adc.o                             232                72
    freertos.o                        396      216      622
    gpio.o                            596
    main.o                            240
    spi.o                             196                88
    stm32f4xx_hal_msp.o                72
    stm32f4xx_hal_timebase_tim.o      132                72
    stm32f4xx_it.o                     28
    usart.o                           180                68
    usb_otg.o                         236               772
    -------------------------------------------------------
    Total:                          2'308      216    1'694

C:\Users\Sam's Custom Pc\Documents\GitHub\RC-Car-Software\EWARM\Flash\Obj\Drivers\CMSIS: [3]
    system_stm32f4xx.o                 16       28        4
    -------------------------------------------------------
    Total:                             16       28        4

C:\Users\Sam's Custom Pc\Documents\GitHub\RC-Car-Software\EWARM\Flash\Obj\Drivers\STM32F4xx_HAL_Driver: [4]
    stm32f4xx_hal.o                   128        5        9
    stm32f4xx_hal_adc.o               848
    stm32f4xx_hal_cortex.o            232
    stm32f4xx_hal_gpio.o              584
    stm32f4xx_hal_hcd.o               118
    stm32f4xx_hal_rcc.o             1'536
    stm32f4xx_hal_spi.o               206
    stm32f4xx_hal_tim.o               906
    stm32f4xx_hal_tim_ex.o              4
    stm32f4xx_hal_uart.o              876
    stm32f4xx_ll_usb.o                772
    -------------------------------------------------------
    Total:                          6'210        5        9

C:\Users\Sam's Custom Pc\Documents\GitHub\RC-Car-Software\EWARM\Flash\Obj\Middlewares\FreeRTOS: [5]
    cmsis_os.o                        192
    heap_4.o                          632        4   15'392
    list.o                            152
    port.o                            516        4        9
    portasm.o                         176
    queue.o                           420
    tasks.o                         2'044        8      300
    -------------------------------------------------------
    Total:                          4'132       16   15'701

dl7M_tln.a: [6]
    exit.o                              4
    low_level_init.o                    4
    -------------------------------------------------------
    Total:                              8

m7M_tls.a: [7]
    fpinit_M.o                         34
    -------------------------------------------------------
    Total:                             34

rt7M_tl.a: [8]
    ABImemcpy.o                       134
    ABImemset.o                       102
    I64DivMod.o                       560
    I64DivZer.o                         2
    cexit.o                            10
    cmain.o                            30
    copy_init3.o                       42
    cstartup_M.o                       28
    data_init.o                        40
    memset.o                           20
    zero_init3.o                       56
    -------------------------------------------------------
    Total:                          1'024

shb_l.a: [9]
    exit.o                             20
    -------------------------------------------------------
    Total:                             20

    Gaps                               14        2
    Linker created                              39    1'024
-----------------------------------------------------------
    Grand Total:                   14'494      306   18'432


*******************************************************************************
*** ENTRY LIST
***

Entry                       Address    Size  Type      Object
-----                       -------    ----  ----      ------
.iar.init_table$$Base    0x800'36c0           --   Gb  - Linker created -
.iar.init_table$$Limit   0x800'36e4           --   Gb  - Linker created -
?main                    0x800'36e5          Code  Gb  cmain.o [8]
ADC_Init                 0x800'2a9f   0x15a  Code  Lc  stm32f4xx_hal_adc.o [4]
AHBPrescTable            0x800'3800    0x10  Data  Gb  system_stm32f4xx.o [3]
APBPrescTable            0x800'387c     0x8  Data  Gb  system_stm32f4xx.o [3]
BusFault_Handler         0x800'37bf     0x2  Code  Gb  stm32f4xx_it.o [2]
CSTACK$$Base            0x2000'4408           --   Gb  - Linker created -
CSTACK$$Limit           0x2000'4808           --   Gb  - Linker created -
DebugMon_Handler         0x800'37c3     0x2  Code  Gb  stm32f4xx_it.o [2]
Error_Handler            0x800'1e75     0x4  Code  Gb  main.o [2]
HAL_ADC_ConfigChannel    0x800'2923   0x17c  Code  Gb  stm32f4xx_hal_adc.o [4]
HAL_ADC_Init             0x800'28c1    0x62  Code  Gb  stm32f4xx_hal_adc.o [4]
HAL_ADC_MspInit          0x800'2241    0x60  Code  Gb  adc.o [2]
HAL_Delay                0x800'3611    0x28  Code  Wk  stm32f4xx_hal.o [4]
HAL_GPIO_Init            0x800'1245   0x1d6  Code  Gb  stm32f4xx_hal_gpio.o [4]
HAL_GPIO_ReadPin         0x800'141b    0x12  Code  Gb  stm32f4xx_hal_gpio.o [4]
HAL_GPIO_TogglePin       0x800'1441    0x14  Code  Gb  stm32f4xx_hal_gpio.o [4]
HAL_GPIO_WritePin        0x800'142d    0x14  Code  Gb  stm32f4xx_hal_gpio.o [4]
HAL_GetTick              0x800'19f5     0xc  Code  Wk  stm32f4xx_hal.o [4]
HAL_HCD_Init             0x800'2c11    0x76  Code  Gb  stm32f4xx_hal_hcd.o [4]
HAL_HCD_MspInit          0x800'22e1    0xaa  Code  Gb  usb_otg.o [2]
HAL_IncTick              0x800'2625    0x18  Code  Wk  stm32f4xx_hal.o [4]
HAL_Init                 0x800'1e81    0x30  Code  Gb  stm32f4xx_hal.o [4]
HAL_InitTick             0x800'2725    0x74  Code  Gb  stm32f4xx_hal_timebase_tim.o [2]
HAL_MspInit              0x800'27a9    0x48  Code  Gb  stm32f4xx_hal_msp.o [2]
HAL_NVIC_EnableIRQ       0x800'2707     0xa  Code  Gb  stm32f4xx_hal_cortex.o [4]
HAL_NVIC_SetPriority     0x800'26e5    0x22  Code  Gb  stm32f4xx_hal_cortex.o [4]
HAL_NVIC_SetPriorityGrouping
                         0x800'26dd     0x8  Code  Gb  stm32f4xx_hal_cortex.o [4]
HAL_RCC_ClockConfig      0x800'2469   0x13a  Code  Gb  stm32f4xx_hal_rcc.o [4]
HAL_RCC_GetClockConfig   0x800'25d5    0x34  Code  Gb  stm32f4xx_hal_rcc.o [4]
HAL_RCC_GetHCLKFreq      0x800'25a3     0x6  Code  Gb  stm32f4xx_hal_rcc.o [4]
HAL_RCC_GetPCLK1Freq     0x800'25a9    0x16  Code  Gb  stm32f4xx_hal_rcc.o [4]
HAL_RCC_GetPCLK2Freq     0x800'25bf    0x16  Code  Gb  stm32f4xx_hal_rcc.o [4]
HAL_RCC_OscConfig        0x800'1631   0x3c4  Code  Wk  stm32f4xx_hal_rcc.o [4]
HAL_SPI_Init             0x800'27f1    0xce  Code  Gb  stm32f4xx_hal_spi.o [4]
HAL_SPI_MspInit          0x800'214f    0x68  Code  Gb  spi.o [2]
HAL_TIMEx_BreakCallback
                         0x800'1e79     0x2  Code  Wk  stm32f4xx_hal_tim_ex.o [4]
HAL_TIMEx_CommutCallback
                         0x800'1e7d     0x2  Code  Wk  stm32f4xx_hal_tim_ex.o [4]
HAL_TIM_Base_Init        0x800'1a01    0x6e  Code  Gb  stm32f4xx_hal_tim.o [4]
HAL_TIM_Base_Start_IT    0x800'1a6f    0x96  Code  Gb  stm32f4xx_hal_tim.o [4]
HAL_TIM_IRQHandler       0x800'1b21   0x176  Code  Gb  stm32f4xx_hal_tim.o [4]
HAL_TIM_PeriodElapsedCallback
                         0x800'1e59    0x10  Code  Gb  main.o [2]
HAL_UART_Init            0x800'2c89    0x76  Code  Gb  stm32f4xx_hal_uart.o [4]
HAL_UART_MspInit         0x800'23d9    0x68  Code  Gb  usart.o [2]
HardFault_Handler        0x800'37bb     0x2  Code  Gb  stm32f4xx_it.o [2]
MX_ADC1_Init             0x800'21cd    0x74  Code  Gb  adc.o [2]
MX_FREERTOS_Init         0x800'0e73    0x98  Code  Gb  freertos.o [2]
MX_GPIO_Init             0x800'1eb5   0x254  Code  Gb  gpio.o [2]
MX_SPI1_Init             0x800'2109    0x46  Code  Gb  spi.o [2]
MX_USART2_UART_Init      0x800'23a1    0x38  Code  Gb  usart.o [2]
MX_USB_OTG_FS_HCD_Init   0x800'22b5    0x2c  Code  Gb  usb_otg.o [2]
MemManage_Handler        0x800'37bd     0x2  Code  Gb  stm32f4xx_it.o [2]
NMI_Handler              0x800'37b9     0x2  Code  Gb  stm32f4xx_it.o [2]
NVIC_EncodePriority      0x800'26a1    0x3c  Code  Lc  stm32f4xx_hal_cortex.o [4]
PendSV_Handler           0x800'1025          Code  Gb  portasm.o [5]
Region$$Table$$Base      0x800'36c0           --   Gb  - Linker created -
Region$$Table$$Limit     0x800'36e4           --   Gb  - Linker created -
SVC_Handler              0x800'107d          Code  Gb  portasm.o [5]
StartDefaultTask         0x800'0f0b     0xa  Code  Gb  freertos.o [2]
SysTick_Handler          0x800'0e15    0x28  Code  Gb  port.o [5]
SystemClock_Config       0x800'1db1    0xa8  Code  Gb  main.o [2]
SystemCoreClock         0x2000'0008     0x4  Data  Gb  system_stm32f4xx.o [3]
SystemInit               0x800'3821     0xc  Code  Gb  system_stm32f4xx.o [3]
TIM1_UP_TIM10_IRQHandler
                         0x800'37c5     0xa  Code  Gb  stm32f4xx_it.o [2]
TIM_Base_SetConfig       0x800'1c97    0xbe  Code  Gb  stm32f4xx_hal_tim.o [4]
UART_SetConfig           0x800'2cff   0x2e6  Code  Lc  stm32f4xx_hal_uart.o [4]
USB_CoreInit             0x800'30dd    0x80  Code  Gb  stm32f4xx_ll_usb.o [4]
USB_CoreReset            0x800'3279    0x4c  Code  Lc  stm32f4xx_ll_usb.o [4]
USB_DisableGlobalInt     0x800'315d     0xc  Code  Gb  stm32f4xx_ll_usb.o [4]
USB_FlushRxFifo          0x800'321f    0x48  Code  Gb  stm32f4xx_ll_usb.o [4]
USB_FlushTxFifo          0x800'31d3    0x4c  Code  Gb  stm32f4xx_ll_usb.o [4]
USB_GetMode              0x800'3271     0x8  Code  Gb  stm32f4xx_ll_usb.o [4]
USB_HostInit             0x800'32c5   0x104  Code  Gb  stm32f4xx_ll_usb.o [4]
USB_SetCurrentMode       0x800'3169    0x6a  Code  Gb  stm32f4xx_ll_usb.o [4]
UsageFault_Handler       0x800'37c1     0x2  Code  Gb  stm32f4xx_it.o [2]
__NVIC_EnableIRQ         0x800'2661    0x1c  Code  Lc  stm32f4xx_hal_cortex.o [4]
__NVIC_GetPriorityGrouping
                         0x800'2657     0xa  Code  Lc  stm32f4xx_hal_cortex.o [4]
__NVIC_SetPriority       0x800'267d    0x24  Code  Lc  stm32f4xx_hal_cortex.o [4]
__NVIC_SetPriorityGrouping
                         0x800'263d    0x1a  Code  Lc  stm32f4xx_hal_cortex.o [4]
__aeabi_ldiv0            0x800'3639          Code  Gb  I64DivZer.o [8]
__aeabi_memcpy4          0x800'10d5          Code  Gb  ABImemcpy.o [8]
__aeabi_memcpy8          0x800'10d5          Code  Gb  ABImemcpy.o [8]
__aeabi_memset           0x800'2ff5          Code  Gb  ABImemset.o [8]
__aeabi_uldivmod         0x800'33e1          Code  Gb  I64DivMod.o [8]
__cmain                  0x800'36e5          Code  Gb  cmain.o [8]
__exit                   0x800'3719    0x14  Code  Gb  exit.o [9]
__iar_Memset             0x800'2ff5          Code  Gb  ABImemset.o [8]
__iar_Memset_word        0x800'2ffd          Code  Gb  ABImemset.o [8]
__iar_copy_init3         0x800'115b    0x2a  Code  Gb  copy_init3.o [8]
__iar_data_init3         0x800'3675    0x28  Code  Gb  data_init.o [8]
__iar_init_vfp           0x800'369d          Code  Gb  fpinit_M.o [7]
__iar_program_start      0x800'37d5          Code  Gb  cstartup_M.o [8]
__iar_zero_init3         0x800'363b    0x38  Code  Gb  zero_init3.o [8]
__low_level_init         0x800'3703     0x4  Code  Gb  low_level_init.o [6]
__vector_table           0x800'0000          Data  Gb  startup_stm32f407xx.o [1]
_call_main               0x800'36f1          Code  Gb  cmain.o [8]
_exit                    0x800'370d          Code  Gb  cexit.o [8]
defaultTaskHandle       0x2000'439c     0x4  Data  Gb  freertos.o [2]
exit                     0x800'3707     0x4  Code  Gb  exit.o [6]
hadc1                   0x2000'424c    0x48  Data  Gb  adc.o [2]
hhcd_USB_OTG_FS         0x2000'3c10   0x304  Data  Gb  usb_otg.o [2]
hspi1                   0x2000'41a0    0x58  Data  Gb  spi.o [2]
htim1                   0x2000'4294    0x48  Data  Gb  stm32f4xx_hal_timebase_tim.o [2]
huart2                  0x2000'42dc    0x44  Data  Gb  usart.o [2]
irSensor1                0x800'0f15    0x26  Code  Gb  freertos.o [2]
irSensor_test_1_TaskHandle
                        0x2000'4398     0x4  Data  Gb  freertos.o [2]
ir_triggered            0x2000'4400     0x1  Data  Gb  freertos.o [2]
ledToggle1               0x800'0f3b    0x44  Code  Gb  freertos.o [2]
ledToggle2               0x800'0f7f    0x14  Code  Gb  freertos.o [2]
ledToggle3               0x800'0f93    0x16  Code  Gb  freertos.o [2]
ledToggle_1_TaskHandle  0x2000'438c     0x4  Data  Gb  freertos.o [2]
ledToggle_2_TaskHandle  0x2000'4390     0x4  Data  Gb  freertos.o [2]
ledToggle_3_TaskHandle  0x2000'4394     0x4  Data  Gb  freertos.o [2]
led_1_on                0x2000'4401     0x1  Data  Gb  freertos.o [2]
main                     0x800'1d89    0x28  Code  Gb  main.o [2]
makeFreeRtosPriority     0x800'1185    0x16  Code  Lc  cmsis_os.o [5]
memset                   0x800'2455    0x14  Code  Gb  memset.o [8]
myExampleQueue01Handle  0x2000'43a0     0x4  Data  Gb  freertos.o [2]
osDelay                  0x800'1203    0x16  Code  Gb  cmsis_os.o [5]
osKernelStart            0x800'119b     0xa  Code  Gb  cmsis_os.o [5]
osMessageCreate          0x800'1219    0x2c  Code  Gb  cmsis_os.o [5]
osThreadCreate           0x800'11a5    0x5e  Code  Gb  cmsis_os.o [5]
prvAddCurrentTaskToDelayedList
                         0x800'08e9    0x6e  Code  Lc  tasks.o [5]
prvAddNewTaskToReadyList
                         0x800'0335    0x9a  Code  Lc  tasks.o [5]
prvCheckTasksWaitingTermination
                         0x800'0803    0x38  Code  Lc  tasks.o [5]
prvDeleteTCB             0x800'0849    0x42  Code  Lc  tasks.o [5]
prvHeapInit              0x800'0b1b    0x5e  Code  Lc  heap_4.o [5]
prvIdleTask              0x800'0789    0x22  Code  Lc  tasks.o [5]
prvInitialiseNewQueue    0x800'1611    0x1c  Code  Lc  queue.o [5]
prvInitialiseNewTask     0x800'027f    0xb6  Code  Lc  tasks.o [5]
prvInitialiseTaskLists   0x800'07b1    0x52  Code  Lc  tasks.o [5]
prvInsertBlockIntoFreeList
                         0x800'0b79    0x5e  Code  Lc  heap_4.o [5]
prvResetNextTaskUnblockTime
                         0x800'088b    0x28  Code  Lc  tasks.o [5]
prvTaskExitError         0x800'0cbd    0x2a  Code  Lc  port.o [5]
pvPortMalloc             0x800'0985   0x11c  Code  Gb  heap_4.o [5]
pxCurrentTCB            0x2000'43c4     0x4  Data  Gb  tasks.o [5]
pxDelayedTaskList       0x2000'43c8     0x4  Data  Lc  tasks.o [5]
pxEnd                   0x2000'43a4     0x4  Data  Lc  heap_4.o [5]
pxOverflowDelayedTaskList
                        0x2000'43cc     0x4  Data  Lc  tasks.o [5]
pxPortInitialiseStack    0x800'0c95    0x28  Code  Gb  port.o [5]
pxReadyTasksLists       0x2000'4114    0x8c  Data  Lc  tasks.o [5]
ucHeap                  0x2000'0010  0x3c00  Data  Lc  heap_4.o [5]
ucMaxSysCallPriority    0x2000'4402     0x1  Data  Lc  port.o [5]
ulMaxPRIGROUPValue      0x2000'43bc     0x4  Data  Lc  port.o [5]
uwTick                  0x2000'43c0     0x4  Data  Gb  stm32f4xx_hal.o [4]
uwTickFreq              0x2000'000c     0x1  Data  Gb  stm32f4xx_hal.o [4]
uwTickPrio              0x2000'0004     0x4  Data  Gb  stm32f4xx_hal.o [4]
uxCriticalNesting       0x2000'0000     0x4  Data  Lc  port.o [5]
uxCurrentNumberOfTasks  0x2000'43d4     0x4  Data  Lc  tasks.o [5]
uxDeletedTasksWaitingCleanUp
                        0x2000'43d0     0x4  Data  Lc  tasks.o [5]
uxListRemove             0x800'0c6f    0x26  Code  Gb  list.o [5]
uxSchedulerSuspended    0x2000'43fc     0x4  Data  Lc  tasks.o [5]
uxTaskNumber            0x2000'43f0     0x4  Data  Lc  tasks.o [5]
uxTopReadyPriority      0x2000'43dc     0x4  Data  Lc  tasks.o [5]
vApplicationGetIdleTaskMemory
                         0x800'0e65     0xe  Code  Gb  freertos.o [2]
vListInitialise          0x800'0bfd    0x1e  Code  Gb  list.o [5]
vListInitialiseItem      0x800'0c1b     0x6  Code  Gb  list.o [5]
vListInsert              0x800'0c39    0x36  Code  Gb  list.o [5]
vListInsertEnd           0x800'0c21    0x18  Code  Gb  list.o [5]
vPortEnableVFP           0x800'10b9          Code  Gb  portasm.o [5]
vPortEnterCritical       0x800'0db5    0x34  Code  Gb  port.o [5]
vPortExitCritical        0x800'0de9    0x2c  Code  Gb  port.o [5]
vPortFree                0x800'0aa1    0x7a  Code  Gb  heap_4.o [5]
vPortStartFirstTask      0x800'1099          Code  Gb  portasm.o [5]
vTaskDelay               0x800'03cf    0x4c  Code  Gb  tasks.o [5]
vTaskStartScheduler      0x800'041b    0x8e  Code  Gb  tasks.o [5]
vTaskSuspendAll          0x800'04a9     0xc  Code  Gb  tasks.o [5]
vTaskSwitchContext       0x800'068d    0x6c  Code  Gb  tasks.o [5]
xBlockAllocatedBit      0x2000'43b8     0x4  Data  Lc  heap_4.o [5]
xDelayedTaskList1       0x2000'4320    0x14  Data  Lc  tasks.o [5]
xDelayedTaskList2       0x2000'4334    0x14  Data  Lc  tasks.o [5]
xFreeBytesRemaining     0x2000'43a8     0x4  Data  Lc  heap_4.o [5]
xHeapStructSize          0x800'388c     0x4  Data  Lc  heap_4.o [5]
xIdleStack              0x2000'3f14   0x200  Data  Lc  freertos.o [2]
xIdleTaskHandle         0x2000'43f8     0x4  Data  Lc  tasks.o [5]
xIdleTaskTCBBuffer      0x2000'41f8    0x54  Data  Lc  freertos.o [2]
xMinimumEverFreeBytesRemaining
                        0x2000'43ac     0x4  Data  Lc  heap_4.o [5]
xNextTaskUnblockTime    0x2000'43f4     0x4  Data  Lc  tasks.o [5]
xNumOfOverflows         0x2000'43ec     0x4  Data  Lc  tasks.o [5]
xNumberOfSuccessfulAllocations
                        0x2000'43b0     0x4  Data  Lc  heap_4.o [5]
xNumberOfSuccessfulFrees
                        0x2000'43b4     0x4  Data  Lc  heap_4.o [5]
xPendedTicks            0x2000'43e4     0x4  Data  Lc  tasks.o [5]
xPendingReadyList       0x2000'4348    0x14  Data  Lc  tasks.o [5]
xPortStartScheduler      0x800'0ce7    0xce  Code  Gb  port.o [5]
xQueueGenericCreate      0x800'15c7    0x4a  Code  Gb  queue.o [5]
xQueueGenericCreateStatic
                         0x800'151f    0xa8  Code  Gb  queue.o [5]
xQueueGenericReset       0x800'148d    0x92  Code  Gb  queue.o [5]
xSchedulerRunning       0x2000'43e0     0x4  Data  Lc  tasks.o [5]
xStart                  0x2000'4384     0x8  Data  Lc  heap_4.o [5]
xSuspendedTaskList      0x2000'4370    0x14  Data  Lc  tasks.o [5]
xTaskCreate              0x800'020d    0x72  Code  Gb  tasks.o [5]
xTaskCreateStatic        0x800'0189    0x84  Code  Gb  tasks.o [5]
xTaskIncrementTick       0x800'0599    0xf4  Code  Gb  tasks.o [5]
xTaskRemoveFromEventList
                         0x800'06f9    0x7a  Code  Gb  tasks.o [5]
xTaskResumeAll           0x800'04b5    0xe4  Code  Gb  tasks.o [5]
xTasksWaitingTermination
                        0x2000'435c    0x14  Data  Lc  tasks.o [5]
xTickCount              0x2000'43d8     0x4  Data  Lc  tasks.o [5]
xYieldPending           0x2000'43e8     0x4  Data  Lc  tasks.o [5]


[1] = C:\Users\Sam's Custom Pc\Documents\GitHub\RC-Car-Software\EWARM\Flash\Obj\Application\EWARM
[2] = C:\Users\Sam's Custom Pc\Documents\GitHub\RC-Car-Software\EWARM\Flash\Obj\Application\User\Core
[3] = C:\Users\Sam's Custom Pc\Documents\GitHub\RC-Car-Software\EWARM\Flash\Obj\Drivers\CMSIS
[4] = C:\Users\Sam's Custom Pc\Documents\GitHub\RC-Car-Software\EWARM\Flash\Obj\Drivers\STM32F4xx_HAL_Driver
[5] = C:\Users\Sam's Custom Pc\Documents\GitHub\RC-Car-Software\EWARM\Flash\Obj\Middlewares\FreeRTOS
[6] = dl7M_tln.a
[7] = m7M_tls.a
[8] = rt7M_tl.a
[9] = shb_l.a

  14'494 bytes of readonly  code memory
     306 bytes of readonly  data memory
  18'432 bytes of readwrite data memory

Errors: none
Warnings: none
